53651f0c81d32341b4cc46f12fb4a1123f66e2e65111d2176b5c5102e96de2e2