8f1eecc3592e71c82de005be84701025ae0f104a33f5f49f5b117743e79e4281