5284420dc85b732be170fcaea36ce1355b33566d0d14114272757a625ebe2822