06774620db3137433e1ec5efb5872d6379152e9e4b1c64b7374d940334f9a68a