7eecf3de0c676fd6ac8605cc8e9419ec9f37c9df093c9b2645d27c1bfd8d1637