9563eec1341f9716a76d5d5bfd2bec2f1b7aea5d723365aa953f470b0b2d7fa7