1be743d355c5c35502565185d9922213f0667b355abf5e6a3f88594d0fd64f96