a8ca1b3d852de71c0d97fbdddfe86f815a8edc62acf5aebbdcca1972a1627b12