c9dab623d072f344535cac516927f1d76b57f17d52ec7ea609aea12aae0219e3