5f99111cee9fe19f5883146c5f52d99f3b02bd8721c375952bdf7583a7aaa5eb