c6db8e8be848124849c3c21738bde30327c808a65bb2db19660d647fae8c0248