3683afdc595c3fee1edc66c82eee96305b7bba82b1a62b5a5c1c23e41116147d