d6dbf52d5f2f4cd72ae392ddef0bd8e3b98675bcb71f4a35901e10c0e4763cbe