903f877bccb673d258b52a95e282bada0c0be1ffae62d30c21791c2d326c8c0a