ebe10de8ffc95d9d0e3472db032a4eda5e21b6dd36fade5e97fca08745a70552