db89febc96247d6b0730c7d21041cfef074256866e20aff8372207b962aacd14