381a0bab35e9e91a9746bd1b6611d773fa6c77aff0317764b9a0379762be16c9