99c354c584dddbebe32f36005211dafce09847ea4b4c5003191eb585a1c81576